build-and-deploy	Set up job	﻿2025-03-16T02:27:52.7104852Z Current runner version: '2.322.0'
build-and-deploy	Set up job	2025-03-16T02:27:52.7130501Z ##[group]Operating System
build-and-deploy	Set up job	2025-03-16T02:27:52.7131326Z Ubuntu
build-and-deploy	Set up job	2025-03-16T02:27:52.7131798Z 24.04.2
build-and-deploy	Set up job	2025-03-16T02:27:52.7132388Z LTS
build-and-deploy	Set up job	2025-03-16T02:27:52.7133187Z ##[endgroup]
build-and-deploy	Set up job	2025-03-16T02:27:52.7133741Z ##[group]Runner Image
build-and-deploy	Set up job	2025-03-16T02:27:52.7134469Z Image: ubuntu-24.04
build-and-deploy	Set up job	2025-03-16T02:27:52.7135066Z Version: 20250309.1.0
build-and-deploy	Set up job	2025-03-16T02:27:52.7136123Z Included Software: https://github.com/actions/runner-images/blob/ubuntu24/20250309.1/images/ubuntu/Ubuntu2404-Readme.md
build-and-deploy	Set up job	2025-03-16T02:27:52.7137655Z Image Release: https://github.com/actions/runner-images/releases/tag/ubuntu24%2F20250309.1
build-and-deploy	Set up job	2025-03-16T02:27:52.7138639Z ##[endgroup]
build-and-deploy	Set up job	2025-03-16T02:27:52.7139200Z ##[group]Runner Image Provisioner
build-and-deploy	Set up job	2025-03-16T02:27:52.7139875Z 2.0.422.1
build-and-deploy	Set up job	2025-03-16T02:27:52.7140392Z ##[endgroup]
build-and-deploy	Set up job	2025-03-16T02:27:52.7141572Z ##[group]GITHUB_TOKEN Permissions
build-and-deploy	Set up job	2025-03-16T02:27:52.7143901Z Contents: read
build-and-deploy	Set up job	2025-03-16T02:27:52.7144512Z Deployments: write
build-and-deploy	Set up job	2025-03-16T02:27:52.7145349Z Metadata: read
build-and-deploy	Set up job	2025-03-16T02:27:52.7145861Z ##[endgroup]
build-and-deploy	Set up job	2025-03-16T02:27:52.7148106Z Secret source: Actions
build-and-deploy	Set up job	2025-03-16T02:27:52.7149096Z Prepare workflow directory
build-and-deploy	Set up job	2025-03-16T02:27:52.7536572Z Prepare all required actions
build-and-deploy	Set up job	2025-03-16T02:27:52.7577490Z Getting action download info
build-and-deploy	Set up job	2025-03-16T02:27:53.2008687Z Download action repository 'actions/checkout@v3' (SHA:f43a0e5ff2bd294095638e18286ca9a3d1956744)
build-and-deploy	Set up job	2025-03-16T02:27:53.3007392Z Download action repository 'actions/setup-node@v3' (SHA:1a4442cacd436585916779262731d5b162bc6ec7)
build-and-deploy	Set up job	2025-03-16T02:27:53.3919080Z Download action repository 'oven-sh/setup-bun@v1' (SHA:f4d14e03ff726c06358e5557344e1da148b56cf7)
build-and-deploy	Set up job	2025-03-16T02:27:53.7026055Z Download action repository 'cloudflare/pages-action@v1' (SHA:f0a1cd58cd66095dee69bfa18fa5efd1dde93bca)
build-and-deploy	Set up job	2025-03-16T02:27:54.1486287Z Complete job name: build-and-deploy
build-and-deploy	Checkout repository	﻿2025-03-16T02:27:54.2289433Z ##[group]Run actions/checkout@v3
build-and-deploy	Checkout repository	2025-03-16T02:27:54.2290787Z with:
build-and-deploy	Checkout repository	2025-03-16T02:27:54.2291588Z   repository: PremoWeb/chadburn
build-and-deploy	Checkout repository	2025-03-16T02:27:54.2293137Z   token: ***
build-and-deploy	Checkout repository	2025-03-16T02:27:54.2293934Z   ssh-strict: true
build-and-deploy	Checkout repository	2025-03-16T02:27:54.2294779Z   persist-credentials: true
build-and-deploy	Checkout repository	2025-03-16T02:27:54.2295697Z   clean: true
build-and-deploy	Checkout repository	2025-03-16T02:27:54.2296516Z   sparse-checkout-cone-mode: true
build-and-deploy	Checkout repository	2025-03-16T02:27:54.2297517Z   fetch-depth: 1
build-and-deploy	Checkout repository	2025-03-16T02:27:54.2298306Z   fetch-tags: false
build-and-deploy	Checkout repository	2025-03-16T02:27:54.2299103Z   lfs: false
build-and-deploy	Checkout repository	2025-03-16T02:27:54.2299874Z   submodules: false
build-and-deploy	Checkout repository	2025-03-16T02:27:54.2300767Z   set-safe-directory: true
build-and-deploy	Checkout repository	2025-03-16T02:27:54.2301954Z ##[endgroup]
build-and-deploy	Checkout repository	2025-03-16T02:27:54.4192800Z Syncing repository: PremoWeb/chadburn
build-and-deploy	Checkout repository	2025-03-16T02:27:54.4195473Z ##[group]Getting Git version info
build-and-deploy	Checkout repository	2025-03-16T02:27:54.4196829Z Working directory is '/home/runner/work/chadburn/chadburn'
build-and-deploy	Checkout repository	2025-03-16T02:27:54.4198675Z [command]/usr/bin/git version
build-and-deploy	Checkout repository	2025-03-16T02:27:54.4253758Z git version 2.48.1
build-and-deploy	Checkout repository	2025-03-16T02:27:54.4283671Z ##[endgroup]
build-and-deploy	Checkout repository	2025-03-16T02:27:54.4303147Z Temporarily overriding HOME='/home/runner/work/_temp/0ea1e2c6-e2d7-4334-b69d-cc5ded81b434' before making global git config changes
build-and-deploy	Checkout repository	2025-03-16T02:27:54.4307939Z Adding repository directory to the temporary git global config as a safe directory
build-and-deploy	Checkout repository	2025-03-16T02:27:54.4312010Z [command]/usr/bin/git config --global --add safe.directory /home/runner/work/chadburn/chadburn
build-and-deploy	Checkout repository	2025-03-16T02:27:54.4347498Z Deleting the contents of '/home/runner/work/chadburn/chadburn'
build-and-deploy	Checkout repository	2025-03-16T02:27:54.4352252Z ##[group]Initializing the repository
build-and-deploy	Checkout repository	2025-03-16T02:27:54.4356134Z [command]/usr/bin/git init /home/runner/work/chadburn/chadburn
build-and-deploy	Checkout repository	2025-03-16T02:27:54.4447879Z hint: Using 'master' as the name for the initial branch. This default branch name
build-and-deploy	Checkout repository	2025-03-16T02:27:54.4451012Z hint: is subject to change. To configure the initial branch name to use in all
build-and-deploy	Checkout repository	2025-03-16T02:27:54.4454135Z hint: of your new repositories, which will suppress this warning, call:
build-and-deploy	Checkout repository	2025-03-16T02:27:54.4456383Z hint:
build-and-deploy	Checkout repository	2025-03-16T02:27:54.4457884Z hint: 	git config --global init.defaultBranch <name>
build-and-deploy	Checkout repository	2025-03-16T02:27:54.4459757Z hint:
build-and-deploy	Checkout repository	2025-03-16T02:27:54.4461506Z hint: Names commonly chosen instead of 'master' are 'main', 'trunk' and
build-and-deploy	Checkout repository	2025-03-16T02:27:54.4465167Z hint: 'development'. The just-created branch can be renamed via this command:
build-and-deploy	Checkout repository	2025-03-16T02:27:54.4467536Z hint:
build-and-deploy	Checkout repository	2025-03-16T02:27:54.4468821Z hint: 	git branch -m <name>
build-and-deploy	Checkout repository	2025-03-16T02:27:54.4471303Z Initialized empty Git repository in /home/runner/work/chadburn/chadburn/.git/
build-and-deploy	Checkout repository	2025-03-16T02:27:54.4476556Z [command]/usr/bin/git remote add origin https://github.com/PremoWeb/chadburn
build-and-deploy	Checkout repository	2025-03-16T02:27:54.4514244Z ##[endgroup]
build-and-deploy	Checkout repository	2025-03-16T02:27:54.4515953Z ##[group]Disabling automatic garbage collection
build-and-deploy	Checkout repository	2025-03-16T02:27:54.4517391Z [command]/usr/bin/git config --local gc.auto 0
build-and-deploy	Checkout repository	2025-03-16T02:27:54.4546760Z ##[endgroup]
build-and-deploy	Checkout repository	2025-03-16T02:27:54.4548885Z ##[group]Setting up auth
build-and-deploy	Checkout repository	2025-03-16T02:27:54.4551586Z [command]/usr/bin/git config --local --name-only --get-regexp core\.sshCommand
build-and-deploy	Checkout repository	2025-03-16T02:27:54.4582081Z [command]/usr/bin/git submodule foreach --recursive sh -c "git config --local --name-only --get-regexp 'core\.sshCommand' && git config --local --unset-all 'core.sshCommand' || :"
build-and-deploy	Checkout repository	2025-03-16T02:27:54.4883725Z [command]/usr/bin/git config --local --name-only --get-regexp http\.https\:\/\/github\.com\/\.extraheader
build-and-deploy	Checkout repository	2025-03-16T02:27:54.4910944Z [command]/usr/bin/git submodule foreach --recursive sh -c "git config --local --name-only --get-regexp 'http\.https\:\/\/github\.com\/\.extraheader' && git config --local --unset-all 'http.https://github.com/.extraheader' || :"
build-and-deploy	Checkout repository	2025-03-16T02:27:54.5137025Z [command]/usr/bin/git config --local http.https://github.com/.extraheader AUTHORIZATION: basic ***
build-and-deploy	Checkout repository	2025-03-16T02:27:54.5170373Z ##[endgroup]
build-and-deploy	Checkout repository	2025-03-16T02:27:54.5172887Z ##[group]Fetching the repository
build-and-deploy	Checkout repository	2025-03-16T02:27:54.5180690Z [command]/usr/bin/git -c protocol.version=2 fetch --no-tags --prune --progress --no-recurse-submodules --depth=1 origin +c63034ccb3b214ac1bc19e5b594926a2f1732a60:refs/remotes/origin/main
build-and-deploy	Checkout repository	2025-03-16T02:27:54.8045476Z remote: Enumerating objects: 3785, done.        
build-and-deploy	Checkout repository	2025-03-16T02:27:54.8047750Z remote: Counting objects:   0% (1/3785)        
build-and-deploy	Checkout repository	2025-03-16T02:27:54.8049737Z remote: Counting objects:   1% (38/3785)        
build-and-deploy	Checkout repository	2025-03-16T02:27:54.8051362Z remote: Counting objects:   2% (76/3785)        
build-and-deploy	Checkout repository	2025-03-16T02:27:54.8052816Z remote: Counting objects:   3% (114/3785)        
build-and-deploy	Checkout repository	2025-03-16T02:27:54.8054033Z remote: Counting objects:   4% (152/3785)        
build-and-deploy	Checkout repository	2025-03-16T02:27:54.8055206Z remote: Counting objects:   5% (190/3785)        
build-and-deploy	Checkout repository	2025-03-16T02:27:54.8056390Z remote: Counting objects:   6% (228/3785)        
build-and-deploy	Checkout repository	2025-03-16T02:27:54.8057561Z remote: Counting objects:   7% (265/3785)        
build-and-deploy	Checkout repository	2025-03-16T02:27:54.8058730Z remote: Counting objects:   8% (303/3785)        
build-and-deploy	Checkout repository	2025-03-16T02:27:54.8059887Z remote: Counting objects:   9% (341/3785)        
build-and-deploy	Checkout repository	2025-03-16T02:27:54.8061043Z remote: Counting objects:  10% (379/3785)        
build-and-deploy	Checkout repository	2025-03-16T02:27:54.8062202Z remote: Counting objects:  11% (417/3785)        
build-and-deploy	Checkout repository	2025-03-16T02:27:54.8063499Z remote: Counting objects:  12% (455/3785)        
build-and-deploy	Checkout repository	2025-03-16T02:27:54.8064672Z remote: Counting objects:  13% (493/3785)        
build-and-deploy	Checkout repository	2025-03-16T02:27:54.8065861Z remote: Counting objects:  14% (530/3785)        
build-and-deploy	Checkout repository	2025-03-16T02:27:54.8067010Z remote: Counting objects:  15% (568/3785)        
build-and-deploy	Checkout repository	2025-03-16T02:27:54.8068156Z remote: Counting objects:  16% (606/3785)        
build-and-deploy	Checkout repository	2025-03-16T02:27:54.8069301Z remote: Counting objects:  17% (644/3785)        
build-and-deploy	Checkout repository	2025-03-16T02:27:54.8070434Z remote: Counting objects:  18% (682/3785)        
build-and-deploy	Checkout repository	2025-03-16T02:27:54.8071582Z remote: Counting objects:  19% (720/3785)        
build-and-deploy	Checkout repository	2025-03-16T02:27:54.8072821Z remote: Counting objects:  20% (757/3785)        
build-and-deploy	Checkout repository	2025-03-16T02:27:54.8073983Z remote: Counting objects:  21% (795/3785)        
build-and-deploy	Checkout repository	2025-03-16T02:27:54.8075126Z remote: Counting objects:  22% (833/3785)        
build-and-deploy	Checkout repository	2025-03-16T02:27:54.8076271Z remote: Counting objects:  23% (871/3785)        
build-and-deploy	Checkout repository	2025-03-16T02:27:54.8077423Z remote: Counting objects:  24% (909/3785)        
build-and-deploy	Checkout repository	2025-03-16T02:27:54.8078574Z remote: Counting objects:  25% (947/3785)        
build-and-deploy	Checkout repository	2025-03-16T02:27:54.8079721Z remote: Counting objects:  26% (985/3785)        
build-and-deploy	Checkout repository	2025-03-16T02:27:54.8081150Z remote: Counting objects:  27% (1022/3785)        
build-and-deploy	Checkout repository	2025-03-16T02:27:54.8082311Z remote: Counting objects:  28% (1060/3785)        
build-and-deploy	Checkout repository	2025-03-16T02:27:54.8083637Z remote: Counting objects:  29% (1098/3785)        
build-and-deploy	Checkout repository	2025-03-16T02:27:54.8084793Z remote: Counting objects:  30% (1136/3785)        
build-and-deploy	Checkout repository	2025-03-16T02:27:54.8085932Z remote: Counting objects:  31% (1174/3785)        
build-and-deploy	Checkout repository	2025-03-16T02:27:54.8087081Z remote: Counting objects:  32% (1212/3785)        
build-and-deploy	Checkout repository	2025-03-16T02:27:54.8088400Z remote: Counting objects:  33% (1250/3785)        
build-and-deploy	Checkout repository	2025-03-16T02:27:54.8089642Z remote: Counting objects:  34% (1287/3785)        
build-and-deploy	Checkout repository	2025-03-16T02:27:54.8090797Z remote: Counting objects:  35% (1325/3785)        
build-and-deploy	Checkout repository	2025-03-16T02:27:54.8091949Z remote: Counting objects:  36% (1363/3785)        
build-and-deploy	Checkout repository	2025-03-16T02:27:54.8093242Z remote: Counting objects:  37% (1401/3785)        
build-and-deploy	Checkout repository	2025-03-16T02:27:54.8094403Z remote: Counting objects:  38% (1439/3785)        
build-and-deploy	Checkout repository	2025-03-16T02:27:54.8095547Z remote: Counting objects:  39% (1477/3785)        
build-and-deploy	Checkout repository	2025-03-16T02:27:54.8096682Z remote: Counting objects:  40% (1514/3785)        
build-and-deploy	Checkout repository	2025-03-16T02:27:54.8097816Z remote: Counting objects:  41% (1552/3785)        
build-and-deploy	Checkout repository	2025-03-16T02:27:54.8098957Z remote: Counting objects:  42% (1590/3785)        
build-and-deploy	Checkout repository	2025-03-16T02:27:54.8100138Z remote: Counting objects:  43% (1628/3785)        
build-and-deploy	Checkout repository	2025-03-16T02:27:54.8101291Z remote: Counting objects:  44% (1666/3785)        
build-and-deploy	Checkout repository	2025-03-16T02:27:54.8102435Z remote: Counting objects:  45% (1704/3785)        
build-and-deploy	Checkout repository	2025-03-16T02:27:54.8103670Z remote: Counting objects:  46% (1742/3785)        
build-and-deploy	Checkout repository	2025-03-16T02:27:54.8104801Z remote: Counting objects:  47% (1779/3785)        
build-and-deploy	Checkout repository	2025-03-16T02:27:54.8105930Z remote: Counting objects:  48% (1817/3785)        
build-and-deploy	Checkout repository	2025-03-16T02:27:54.8107067Z remote: Counting objects:  49% (1855/3785)        
build-and-deploy	Checkout repository	2025-03-16T02:27:54.8108197Z remote: Counting objects:  50% (1893/3785)        
build-and-deploy	Checkout repository	2025-03-16T02:27:54.8109538Z remote: Counting objects:  51% (1931/3785)        
build-and-deploy	Checkout repository	2025-03-16T02:27:54.8110692Z remote: Counting objects:  52% (1969/3785)        
build-and-deploy	Checkout repository	2025-03-16T02:27:54.8111831Z remote: Counting objects:  53% (2007/3785)        
build-and-deploy	Checkout repository	2025-03-16T02:27:54.8113075Z remote: Counting objects:  54% (2044/3785)        
build-and-deploy	Checkout repository	2025-03-16T02:27:54.8114216Z remote: Counting objects:  55% (2082/3785)        
build-and-deploy	Checkout repository	2025-03-16T02:27:54.8115360Z remote: Counting objects:  56% (2120/3785)        
build-and-deploy	Checkout repository	2025-03-16T02:27:54.8116499Z remote: Counting objects:  57% (2158/3785)        
build-and-deploy	Checkout repository	2025-03-16T02:27:54.8117642Z remote: Counting objects:  58% (2196/3785)        
build-and-deploy	Checkout repository	2025-03-16T02:27:54.8118781Z remote: Counting objects:  59% (2234/3785)        
build-and-deploy	Checkout repository	2025-03-16T02:27:54.8119920Z remote: Counting objects:  60% (2271/3785)        
build-and-deploy	Checkout repository	2025-03-16T02:27:54.8121069Z remote: Counting objects:  61% (2309/3785)        
build-and-deploy	Checkout repository	2025-03-16T02:27:54.8122199Z remote: Counting objects:  62% (2347/3785)        
build-and-deploy	Checkout repository	2025-03-16T02:27:54.8123416Z remote: Counting objects:  63% (2385/3785)        
build-and-deploy	Checkout repository	2025-03-16T02:27:54.8124603Z remote: Counting objects:  64% (2423/3785)        
build-and-deploy	Checkout repository	2025-03-16T02:27:54.8125740Z remote: Counting objects:  65% (2461/3785)        
build-and-deploy	Checkout repository	2025-03-16T02:27:54.8126867Z remote: Counting objects:  66% (2499/3785)        
build-and-deploy	Checkout repository	2025-03-16T02:27:54.8127990Z remote: Counting objects:  67% (2536/3785)        
build-and-deploy	Checkout repository	2025-03-16T02:27:54.8129106Z remote: Counting objects:  68% (2574/3785)        
build-and-deploy	Checkout repository	2025-03-16T02:27:54.8130233Z remote: Counting objects:  69% (2612/3785)        
build-and-deploy	Checkout repository	2025-03-16T02:27:54.8131342Z remote: Counting objects:  70% (2650/3785)        
build-and-deploy	Checkout repository	2025-03-16T02:27:54.8132583Z remote: Counting objects:  71% (2688/3785)        
build-and-deploy	Checkout repository	2025-03-16T02:27:54.8133720Z remote: Counting objects:  72% (2726/3785)        
build-and-deploy	Checkout repository	2025-03-16T02:27:54.8135153Z remote: Counting objects:  73% (2764/3785)        
build-and-deploy	Checkout repository	2025-03-16T02:27:54.8136977Z remote: Counting objects:  74% (2801/3785)        
build-and-deploy	Checkout repository	2025-03-16T02:27:54.8138916Z remote: Counting objects:  75% (2839/3785)        
build-and-deploy	Checkout repository	2025-03-16T02:27:54.8140842Z remote: Counting objects:  76% (2877/3785)        
build-and-deploy	Checkout repository	2025-03-16T02:27:54.8142948Z remote: Counting objects:  77% (2915/3785)        
build-and-deploy	Checkout repository	2025-03-16T02:27:54.8145134Z remote: Counting objects:  78% (2953/3785)        
build-and-deploy	Checkout repository	2025-03-16T02:27:54.8147067Z remote: Counting objects:  79% (2991/3785)        
build-and-deploy	Checkout repository	2025-03-16T02:27:54.8148971Z remote: Counting objects:  80% (3028/3785)        
build-and-deploy	Checkout repository	2025-03-16T02:27:54.8150847Z remote: Counting objects:  81% (3066/3785)        
build-and-deploy	Checkout repository	2025-03-16T02:27:54.8152810Z remote: Counting objects:  82% (3104/3785)        
build-and-deploy	Checkout repository	2025-03-16T02:27:54.8154022Z remote: Counting objects:  83% (3142/3785)        
build-and-deploy	Checkout repository	2025-03-16T02:27:54.8155219Z remote: Counting objects:  84% (3180/3785)        
build-and-deploy	Checkout repository	2025-03-16T02:27:54.8156377Z remote: Counting objects:  85% (3218/3785)        
build-and-deploy	Checkout repository	2025-03-16T02:27:54.8157514Z remote: Counting objects:  86% (3256/3785)        
build-and-deploy	Checkout repository	2025-03-16T02:27:54.8158625Z remote: Counting objects:  87% (3293/3785)        
build-and-deploy	Checkout repository	2025-03-16T02:27:54.8159757Z remote: Counting objects:  88% (3331/3785)        
build-and-deploy	Checkout repository	2025-03-16T02:27:54.8160909Z remote: Counting objects:  89% (3369/3785)        
build-and-deploy	Checkout repository	2025-03-16T02:27:54.8162024Z remote: Counting objects:  90% (3407/3785)        
build-and-deploy	Checkout repository	2025-03-16T02:27:54.8163264Z remote: Counting objects:  91% (3445/3785)        
build-and-deploy	Checkout repository	2025-03-16T02:27:54.8164406Z remote: Counting objects:  92% (3483/3785)        
build-and-deploy	Checkout repository	2025-03-16T02:27:54.8165537Z remote: Counting objects:  93% (3521/3785)        
build-and-deploy	Checkout repository	2025-03-16T02:27:54.8203437Z remote: Counting objects:  94% (3558/3785)        
build-and-deploy	Checkout repository	2025-03-16T02:27:54.8205568Z remote: Counting objects:  95% (3596/3785)        
build-and-deploy	Checkout repository	2025-03-16T02:27:54.8207407Z remote: Counting objects:  96% (3634/3785)        
build-and-deploy	Checkout repository	2025-03-16T02:27:54.8208913Z remote: Counting objects:  97% (3672/3785)        
build-and-deploy	Checkout repository	2025-03-16T02:27:54.8210112Z remote: Counting objects:  98% (3710/3785)        
build-and-deploy	Checkout repository	2025-03-16T02:27:54.8211304Z remote: Counting objects:  99% (3748/3785)        
build-and-deploy	Checkout repository	2025-03-16T02:27:54.8212638Z remote: Counting objects: 100% (3785/3785)        
build-and-deploy	Checkout repository	2025-03-16T02:27:54.8213920Z remote: Counting objects: 100% (3785/3785), done.        
build-and-deploy	Checkout repository	2025-03-16T02:27:54.8215449Z remote: Compressing objects:   0% (1/3040)        
build-and-deploy	Checkout repository	2025-03-16T02:27:54.8216641Z remote: Compressing objects:   1% (31/3040)        
build-and-deploy	Checkout repository	2025-03-16T02:27:54.8217809Z remote: Compressing objects:   2% (61/3040)        
build-and-deploy	Checkout repository	2025-03-16T02:27:54.8218981Z remote: Compressing objects:   3% (92/3040)        
build-and-deploy	Checkout repository	2025-03-16T02:27:54.8220161Z remote: Compressing objects:   4% (122/3040)        
build-and-deploy	Checkout repository	2025-03-16T02:27:54.8221364Z remote: Compressing objects:   5% (152/3040)        
build-and-deploy	Checkout repository	2025-03-16T02:27:54.8222655Z remote: Compressing objects:   6% (183/3040)        
build-and-deploy	Checkout repository	2025-03-16T02:27:54.8223863Z remote: Compressing objects:   7% (213/3040)        
build-and-deploy	Checkout repository	2025-03-16T02:27:54.8225055Z remote: Compressing objects:   8% (244/3040)        
build-and-deploy	Checkout repository	2025-03-16T02:27:54.8226259Z remote: Compressing objects:   9% (274/3040)        
build-and-deploy	Checkout repository	2025-03-16T02:27:54.8227447Z remote: Compressing objects:  10% (304/3040)        
build-and-deploy	Checkout repository	2025-03-16T02:27:54.8228648Z remote: Compressing objects:  11% (335/3040)        
build-and-deploy	Checkout repository	2025-03-16T02:27:54.8229838Z remote: Compressing objects:  12% (365/3040)        
build-and-deploy	Checkout repository	2025-03-16T02:27:54.8231121Z remote: Compressing objects:  13% (396/3040)        
build-and-deploy	Checkout repository	2025-03-16T02:27:54.8233322Z remote: Compressing objects:  14% (426/3040)        
build-and-deploy	Checkout repository	2025-03-16T02:27:54.8234940Z remote: Compressing objects:  15% (456/3040)        
build-and-deploy	Checkout repository	2025-03-16T02:27:54.8236304Z remote: Compressing objects:  16% (487/3040)        
build-and-deploy	Checkout repository	2025-03-16T02:27:54.8237515Z remote: Compressing objects:  17% (517/3040)        
build-and-deploy	Checkout repository	2025-03-16T02:27:54.8238715Z remote: Compressing objects:  18% (548/3040)        
build-and-deploy	Checkout repository	2025-03-16T02:27:54.8239919Z remote: Compressing objects:  19% (578/3040)        
build-and-deploy	Checkout repository	2025-03-16T02:27:54.8241437Z remote: Compressing objects:  20% (608/3040)        
build-and-deploy	Checkout repository	2025-03-16T02:27:54.8243652Z remote: Compressing objects:  21% (639/3040)        
build-and-deploy	Checkout repository	2025-03-16T02:27:54.8245943Z remote: Compressing objects:  22% (669/3040)        
build-and-deploy	Checkout repository	2025-03-16T02:27:54.8247818Z remote: Compressing objects:  23% (700/3040)        
build-and-deploy	Checkout repository	2025-03-16T02:27:54.8249867Z remote: Compressing objects:  24% (730/3040)        
build-and-deploy	Checkout repository	2025-03-16T02:27:54.8251334Z remote: Compressing objects:  25% (760/3040)        
build-and-deploy	Checkout repository	2025-03-16T02:27:54.8252921Z remote: Compressing objects:  26% (791/3040)        
build-and-deploy	Checkout repository	2025-03-16T02:27:54.8254147Z remote: Compressing objects:  27% (821/3040)        
build-and-deploy	Checkout repository	2025-03-16T02:27:54.8255497Z remote: Compressing objects:  28% (852/3040)        
build-and-deploy	Checkout repository	2025-03-16T02:27:54.8257055Z remote: Compressing objects:  29% (882/3040)        
build-and-deploy	Checkout repository	2025-03-16T02:27:54.8258919Z remote: Compressing objects:  30% (912/3040)        
build-and-deploy	Checkout repository	2025-03-16T02:27:54.8260754Z remote: Compressing objects:  31% (943/3040)        
build-and-deploy	Checkout repository	2025-03-16T02:27:54.8262325Z remote: Compressing objects:  32% (973/3040)        
build-and-deploy	Checkout repository	2025-03-16T02:27:54.8263689Z remote: Compressing objects:  33% (1004/3040)        
build-and-deploy	Checkout repository	2025-03-16T02:27:54.8264973Z remote: Compressing objects:  34% (1034/3040)        
build-and-deploy	Checkout repository	2025-03-16T02:27:54.8266355Z remote: Compressing objects:  35% (1064/3040)        
build-and-deploy	Checkout repository	2025-03-16T02:27:54.8267568Z remote: Compressing objects:  36% (1095/3040)        
build-and-deploy	Checkout repository	2025-03-16T02:27:54.8268785Z remote: Compressing objects:  37% (1125/3040)        
build-and-deploy	Checkout repository	2025-03-16T02:27:54.8270005Z remote: Compressing objects:  38% (1156/3040)        
build-and-deploy	Checkout repository	2025-03-16T02:27:54.8271226Z remote: Compressing objects:  39% (1186/3040)        
build-and-deploy	Checkout repository	2025-03-16T02:27:54.8272425Z remote: Compressing objects:  40% (1216/3040)        
build-and-deploy	Checkout repository	2025-03-16T02:27:54.8273866Z remote: Compressing objects:  41% (1247/3040)        
build-and-deploy	Checkout repository	2025-03-16T02:27:54.8275096Z remote: Compressing objects:  42% (1277/3040)        
build-and-deploy	Checkout repository	2025-03-16T02:27:54.8276302Z remote: Compressing objects:  43% (1308/3040)        
build-and-deploy	Checkout repository	2025-03-16T02:27:54.8277514Z remote: Compressing objects:  44% (1338/3040)        
build-and-deploy	Checkout repository	2025-03-16T02:27:54.8278724Z remote: Compressing objects:  45% (1368/3040)        
build-and-deploy	Checkout repository	2025-03-16T02:27:54.8279923Z remote: Compressing objects:  46% (1399/3040)        
build-and-deploy	Checkout repository	2025-03-16T02:27:54.8281108Z remote: Compressing objects:  47% (1429/3040)        
build-and-deploy	Checkout repository	2025-03-16T02:27:54.8282331Z remote: Compressing objects:  48% (1460/3040)        
build-and-deploy	Checkout repository	2025-03-16T02:27:54.8283745Z remote: Compressing objects:  49% (1490/3040)        
build-and-deploy	Checkout repository	2025-03-16T02:27:54.8285178Z remote: Compressing objects:  50% (1520/3040)        
build-and-deploy	Checkout repository	2025-03-16T02:27:54.8286398Z remote: Compressing objects:  51% (1551/3040)        
build-and-deploy	Checkout repository	2025-03-16T02:27:54.8288120Z remote: Compressing objects:  52% (1581/3040)        
build-and-deploy	Checkout repository	2025-03-16T02:27:54.8289367Z remote: Compressing objects:  53% (1612/3040)        
build-and-deploy	Checkout repository	2025-03-16T02:27:54.8290687Z remote: Compressing objects:  54% (1642/3040)        
build-and-deploy	Checkout repository	2025-03-16T02:27:54.8291887Z remote: Compressing objects:  55% (1672/3040)        
build-and-deploy	Checkout repository	2025-03-16T02:27:54.8293328Z remote: Compressing objects:  56% (1703/3040)        
build-and-deploy	Checkout repository	2025-03-16T02:27:54.8294529Z remote: Compressing objects:  57% (1733/3040)        
build-and-deploy	Checkout repository	2025-03-16T02:27:54.8295739Z remote: Compressing objects:  58% (1764/3040)        
build-and-deploy	Checkout repository	2025-03-16T02:27:54.8296947Z remote: Compressing objects:  59% (1794/3040)        
build-and-deploy	Checkout repository	2025-03-16T02:27:54.8298147Z remote: Compressing objects:  60% (1824/3040)        
build-and-deploy	Checkout repository	2025-03-16T02:27:54.8299350Z remote: Compressing objects:  61% (1855/3040)        
build-and-deploy	Checkout repository	2025-03-16T02:27:54.8300572Z remote: Compressing objects:  62% (1885/3040)        
build-and-deploy	Checkout repository	2025-03-16T02:27:54.8301774Z remote: Compressing objects:  63% (1916/3040)        
build-and-deploy	Checkout repository	2025-03-16T02:27:54.8303184Z remote: Compressing objects:  64% (1946/3040)        
build-and-deploy	Checkout repository	2025-03-16T02:27:54.8304443Z remote: Compressing objects:  65% (1976/3040)        
build-and-deploy	Checkout repository	2025-03-16T02:27:54.8305706Z remote: Compressing objects:  66% (2007/3040)        
build-and-deploy	Checkout repository	2025-03-16T02:27:54.8306933Z remote: Compressing objects:  67% (2037/3040)        
build-and-deploy	Checkout repository	2025-03-16T02:27:54.8308136Z remote: Compressing objects:  68% (2068/3040)        
build-and-deploy	Checkout repository	2025-03-16T02:27:54.8309335Z remote: Compressing objects:  69% (2098/3040)        
build-and-deploy	Checkout repository	2025-03-16T02:27:54.8310530Z remote: Compressing objects:  70% (2128/3040)        
build-and-deploy	Checkout repository	2025-03-16T02:27:54.8311729Z remote: Compressing objects:  71% (2159/3040)        
build-and-deploy	Checkout repository	2025-03-16T02:27:54.8313111Z remote: Compressing objects:  72% (2189/3040)        
build-and-deploy	Checkout repository	2025-03-16T02:27:54.8314340Z remote: Compressing objects:  73% (2220/3040)        
build-and-deploy	Checkout repository	2025-03-16T02:27:54.8315552Z remote: Compressing objects:  74% (2250/3040)        
build-and-deploy	Checkout repository	2025-03-16T02:27:54.8316763Z remote: Compressing objects:  75% (2280/3040)        
build-and-deploy	Checkout repository	2025-03-16T02:27:54.8318158Z remote: Compressing objects:  76% (2311/3040)        
build-and-deploy	Checkout repository	2025-03-16T02:27:54.8319358Z remote: Compressing objects:  77% (2341/3040)        
build-and-deploy	Checkout repository	2025-03-16T02:27:54.8320553Z remote: Compressing objects:  78% (2372/3040)        
build-and-deploy	Checkout repository	2025-03-16T02:27:54.8321763Z remote: Compressing objects:  79% (2402/3040)        
build-and-deploy	Checkout repository	2025-03-16T02:27:54.8323281Z remote: Compressing objects:  80% (2432/3040)        
build-and-deploy	Checkout repository	2025-03-16T02:27:54.8324480Z remote: Compressing objects:  81% (2463/3040)        
build-and-deploy	Checkout repository	2025-03-16T02:27:54.8325668Z remote: Compressing objects:  82% (2493/3040)        
build-and-deploy	Checkout repository	2025-03-16T02:27:54.8326852Z remote: Compressing objects:  83% (2524/3040)        
build-and-deploy	Checkout repository	2025-03-16T02:27:54.8328053Z remote: Compressing objects:  84% (2554/3040)        
build-and-deploy	Checkout repository	2025-03-16T02:27:54.8329257Z remote: Compressing objects:  85% (2584/3040)        
build-and-deploy	Checkout repository	2025-03-16T02:27:54.8330448Z remote: Compressing objects:  86% (2615/3040)        
build-and-deploy	Checkout repository	2025-03-16T02:27:54.8331655Z remote: Compressing objects:  87% (2645/3040)        
build-and-deploy	Checkout repository	2025-03-16T02:27:54.8332969Z remote: Compressing objects:  88% (2676/3040)        
build-and-deploy	Checkout repository	2025-03-16T02:27:54.8334160Z remote: Compressing objects:  89% (2706/3040)        
build-and-deploy	Checkout repository	2025-03-16T02:27:54.8335391Z remote: Compressing objects:  90% (2736/3040)        
build-and-deploy	Checkout repository	2025-03-16T02:27:54.8336585Z remote: Compressing objects:  91% (2767/3040)        
build-and-deploy	Checkout repository	2025-03-16T02:27:54.8337841Z remote: Compressing objects:  92% (2797/3040)        
build-and-deploy	Checkout repository	2025-03-16T02:27:54.8339047Z remote: Compressing objects:  93% (2828/3040)        
build-and-deploy	Checkout repository	2025-03-16T02:27:54.8402985Z remote: Compressing objects:  94% (2858/3040)        
build-and-deploy	Checkout repository	2025-03-16T02:27:54.8404477Z remote: Compressing objects:  95% (2888/3040)        
build-and-deploy	Checkout repository	2025-03-16T02:27:54.8407215Z remote: Compressing objects:  96% (2919/3040)        
build-and-deploy	Checkout repository	2025-03-16T02:27:54.8409137Z remote: Compressing objects:  97% (2949/3040)        
build-and-deploy	Checkout repository	2025-03-16T02:27:54.8411080Z remote: Compressing objects:  98% (2980/3040)        
build-and-deploy	Checkout repository	2025-03-16T02:27:54.8413499Z remote: Compressing objects:  99% (3010/3040)        
build-and-deploy	Checkout repository	2025-03-16T02:27:54.8415720Z remote: Compressing objects: 100% (3040/3040)        
build-and-deploy	Checkout repository	2025-03-16T02:27:54.8417942Z remote: Compressing objects: 100% (3040/3040), done.        
build-and-deploy	Checkout repository	2025-03-16T02:27:54.8420147Z Receiving objects:   0% (1/3785)
build-and-deploy	Checkout repository	2025-03-16T02:27:54.8421700Z Receiving objects:   1% (38/3785)
build-and-deploy	Checkout repository	2025-03-16T02:27:54.8554385Z Receiving objects:   2% (76/3785)
build-and-deploy	Checkout repository	2025-03-16T02:27:54.8566993Z Receiving objects:   3% (114/3785)
build-and-deploy	Checkout repository	2025-03-16T02:27:54.8577986Z Receiving objects:   4% (152/3785)
build-and-deploy	Checkout repository	2025-03-16T02:27:54.8589230Z Receiving objects:   5% (190/3785)
build-and-deploy	Checkout repository	2025-03-16T02:27:54.8594136Z Receiving objects:   6% (228/3785)
build-and-deploy	Checkout repository	2025-03-16T02:27:54.8597454Z Receiving objects:   7% (265/3785)
build-and-deploy	Checkout repository	2025-03-16T02:27:54.8680617Z Receiving objects:   8% (303/3785)
build-and-deploy	Checkout repository	2025-03-16T02:27:54.8686535Z Receiving objects:   9% (341/3785)
build-and-deploy	Checkout repository	2025-03-16T02:27:54.8692851Z Receiving objects:  10% (379/3785)
build-and-deploy	Checkout repository	2025-03-16T02:27:54.8694369Z Receiving objects:  11% (417/3785)
build-and-deploy	Checkout repository	2025-03-16T02:27:54.8695997Z Receiving objects:  12% (455/3785)
build-and-deploy	Checkout repository	2025-03-16T02:27:54.8711844Z Receiving objects:  13% (493/3785)
build-and-deploy	Checkout repository	2025-03-16T02:27:54.8714018Z Receiving objects:  14% (530/3785)
build-and-deploy	Checkout repository	2025-03-16T02:27:54.8718616Z Receiving objects:  15% (568/3785)
build-and-deploy	Checkout repository	2025-03-16T02:27:54.8777018Z Receiving objects:  16% (606/3785)
build-and-deploy	Checkout repository	2025-03-16T02:27:54.8892074Z Receiving objects:  17% (644/3785)
build-and-deploy	Checkout repository	2025-03-16T02:27:54.8948559Z Receiving objects:  18% (682/3785)
build-and-deploy	Checkout repository	2025-03-16T02:27:54.8960574Z Receiving objects:  19% (720/3785)
build-and-deploy	Checkout repository	2025-03-16T02:27:54.8972326Z Receiving objects:  20% (757/3785)
build-and-deploy	Checkout repository	2025-03-16T02:27:54.8984984Z Receiving objects:  21% (795/3785)
build-and-deploy	Checkout repository	2025-03-16T02:27:54.8989731Z Receiving objects:  22% (833/3785)
build-and-deploy	Checkout repository	2025-03-16T02:27:54.8997239Z Receiving objects:  23% (871/3785)
build-and-deploy	Checkout repository	2025-03-16T02:27:54.9003869Z Receiving objects:  24% (909/3785)
build-and-deploy	Checkout repository	2025-03-16T02:27:54.9008820Z Receiving objects:  25% (947/3785)
build-and-deploy	Checkout repository	2025-03-16T02:27:54.9014937Z Receiving objects:  26% (985/3785)
build-and-deploy	Checkout repository	2025-03-16T02:27:54.9019788Z Receiving objects:  27% (1022/3785)
build-and-deploy	Checkout repository	2025-03-16T02:27:54.9031990Z Receiving objects:  28% (1060/3785)
build-and-deploy	Checkout repository	2025-03-16T02:27:54.9043208Z Receiving objects:  29% (1098/3785)
build-and-deploy	Checkout repository	2025-03-16T02:27:54.9049628Z Receiving objects:  30% (1136/3785)
build-and-deploy	Checkout repository	2025-03-16T02:27:54.9056899Z Receiving objects:  31% (1174/3785)
build-and-deploy	Checkout repository	2025-03-16T02:27:54.9075572Z Receiving objects:  32% (1212/3785)
build-and-deploy	Checkout repository	2025-03-16T02:27:54.9082636Z Receiving objects:  33% (1250/3785)
build-and-deploy	Checkout repository	2025-03-16T02:27:54.9088836Z Receiving objects:  34% (1287/3785)
build-and-deploy	Checkout repository	2025-03-16T02:27:54.9097132Z Receiving objects:  35% (1325/3785)
build-and-deploy	Checkout repository	2025-03-16T02:27:54.9105302Z Receiving objects:  36% (1363/3785)
build-and-deploy	Checkout repository	2025-03-16T02:27:54.9113117Z Receiving objects:  37% (1401/3785)
build-and-deploy	Checkout repository	2025-03-16T02:27:54.9121536Z Receiving objects:  38% (1439/3785)
build-and-deploy	Checkout repository	2025-03-16T02:27:54.9126962Z Receiving objects:  39% (1477/3785)
build-and-deploy	Checkout repository	2025-03-16T02:27:54.9136531Z Receiving objects:  40% (1514/3785)
build-and-deploy	Checkout repository	2025-03-16T02:27:54.9290606Z Receiving objects:  41% (1552/3785)
build-and-deploy	Checkout repository	2025-03-16T02:27:54.9323275Z Receiving objects:  42% (1590/3785)
build-and-deploy	Checkout repository	2025-03-16T02:27:54.9329716Z Receiving objects:  43% (1628/3785)
build-and-deploy	Checkout repository	2025-03-16T02:27:54.9342859Z Receiving objects:  44% (1666/3785)
build-and-deploy	Checkout repository	2025-03-16T02:27:54.9352835Z Receiving objects:  45% (1704/3785)
build-and-deploy	Checkout repository	2025-03-16T02:27:54.9358926Z Receiving objects:  46% (1742/3785)
build-and-deploy	Checkout repository	2025-03-16T02:27:54.9367646Z Receiving objects:  47% (1779/3785)
build-and-deploy	Checkout repository	2025-03-16T02:27:54.9373280Z Receiving objects:  48% (1817/3785)
build-and-deploy	Checkout repository	2025-03-16T02:27:54.9381477Z Receiving objects:  49% (1855/3785)
build-and-deploy	Checkout repository	2025-03-16T02:27:55.0080808Z Receiving objects:  50% (1893/3785)
build-and-deploy	Checkout repository	2025-03-16T02:27:55.0089062Z Receiving objects:  51% (1931/3785)
build-and-deploy	Checkout repository	2025-03-16T02:27:55.0096039Z Receiving objects:  52% (1969/3785)
build-and-deploy	Checkout repository	2025-03-16T02:27:55.0911295Z Receiving objects:  53% (2007/3785)
build-and-deploy	Checkout repository	2025-03-16T02:27:55.0917567Z Receiving objects:  54% (2044/3785)
build-and-deploy	Checkout repository	2025-03-16T02:27:55.0926583Z Receiving objects:  55% (2082/3785)
build-and-deploy	Checkout repository	2025-03-16T02:27:55.0935927Z Receiving objects:  56% (2120/3785)
build-and-deploy	Checkout repository	2025-03-16T02:27:55.0957910Z Receiving objects:  57% (2158/3785)
build-and-deploy	Checkout repository	2025-03-16T02:27:55.0964576Z Receiving objects:  58% (2196/3785)
build-and-deploy	Checkout repository	2025-03-16T02:27:55.1009217Z Receiving objects:  59% (2234/3785)
build-and-deploy	Checkout repository	2025-03-16T02:27:55.1017391Z Receiving objects:  60% (2271/3785)
build-and-deploy	Checkout repository	2025-03-16T02:27:55.1026844Z Receiving objects:  61% (2309/3785)
build-and-deploy	Checkout repository	2025-03-16T02:27:55.1038021Z Receiving objects:  62% (2347/3785)
build-and-deploy	Checkout repository	2025-03-16T02:27:55.1045062Z Receiving objects:  63% (2385/3785)
build-and-deploy	Checkout repository	2025-03-16T02:27:55.1050662Z Receiving objects:  64% (2423/3785)
build-and-deploy	Checkout repository	2025-03-16T02:27:55.1056698Z Receiving objects:  65% (2461/3785)
build-and-deploy	Checkout repository	2025-03-16T02:27:55.1062993Z Receiving objects:  66% (2499/3785)
build-and-deploy	Checkout repository	2025-03-16T02:27:55.1075244Z Receiving objects:  67% (2536/3785)
build-and-deploy	Checkout repository	2025-03-16T02:27:55.1114029Z Receiving objects:  68% (2574/3785)
build-and-deploy	Checkout repository	2025-03-16T02:27:55.1144251Z Receiving objects:  69% (2612/3785)
build-and-deploy	Checkout repository	2025-03-16T02:27:55.1174984Z Receiving objects:  70% (2650/3785)
build-and-deploy	Checkout repository	2025-03-16T02:27:55.1214710Z Receiving objects:  71% (2688/3785)
build-and-deploy	Checkout repository	2025-03-16T02:27:55.1229700Z Receiving objects:  72% (2726/3785)
build-and-deploy	Checkout repository	2025-03-16T02:27:55.1245797Z Receiving objects:  73% (2764/3785)
build-and-deploy	Checkout repository	2025-03-16T02:27:55.1259917Z Receiving objects:  74% (2801/3785)
build-and-deploy	Checkout repository	2025-03-16T02:27:55.1308508Z Receiving objects:  75% (2839/3785)
build-and-deploy	Checkout repository	2025-03-16T02:27:55.1337842Z Receiving objects:  76% (2877/3785)
build-and-deploy	Checkout repository	2025-03-16T02:27:55.1353134Z Receiving objects:  77% (2915/3785)
build-and-deploy	Checkout repository	2025-03-16T02:27:55.1381777Z Receiving objects:  78% (2953/3785)
build-and-deploy	Checkout repository	2025-03-16T02:27:55.1396664Z Receiving objects:  79% (2991/3785)
build-and-deploy	Checkout repository	2025-03-16T02:27:55.1411726Z Receiving objects:  80% (3028/3785)
build-and-deploy	Checkout repository	2025-03-16T02:27:55.1458522Z Receiving objects:  81% (3066/3785)
build-and-deploy	Checkout repository	2025-03-16T02:27:55.1474758Z Receiving objects:  82% (3104/3785)
build-and-deploy	Checkout repository	2025-03-16T02:27:55.1546333Z Receiving objects:  83% (3142/3785)
build-and-deploy	Checkout repository	2025-03-16T02:27:55.1560260Z Receiving objects:  84% (3180/3785)
build-and-deploy	Checkout repository	2025-03-16T02:27:55.1570669Z Receiving objects:  85% (3218/3785)
build-and-deploy	Checkout repository	2025-03-16T02:27:55.1602174Z Receiving objects:  86% (3256/3785)
build-and-deploy	Checkout repository	2025-03-16T02:27:55.1627921Z Receiving objects:  87% (3293/3785)
build-and-deploy	Checkout repository	2025-03-16T02:27:55.1725430Z Receiving objects:  88% (3331/3785)
build-and-deploy	Checkout repository	2025-03-16T02:27:55.1816496Z Receiving objects:  89% (3369/3785)
build-and-deploy	Checkout repository	2025-03-16T02:27:55.1871582Z Receiving objects:  90% (3407/3785)
build-and-deploy	Checkout repository	2025-03-16T02:27:55.1950940Z Receiving objects:  91% (3445/3785)
build-and-deploy	Checkout repository	2025-03-16T02:27:55.2038188Z Receiving objects:  92% (3483/3785)
build-and-deploy	Checkout repository	2025-03-16T02:27:55.2174138Z Receiving objects:  93% (3521/3785)
build-and-deploy	Checkout repository	2025-03-16T02:27:55.2201428Z Receiving objects:  94% (3558/3785)
build-and-deploy	Checkout repository	2025-03-16T02:27:55.2235611Z Receiving objects:  95% (3596/3785)
build-and-deploy	Checkout repository	2025-03-16T02:27:55.2267861Z Receiving objects:  96% (3634/3785)
build-and-deploy	Checkout repository	2025-03-16T02:27:55.2290886Z Receiving objects:  97% (3672/3785)
build-and-deploy	Checkout repository	2025-03-16T02:27:55.2297484Z Receiving objects:  98% (3710/3785)
build-and-deploy	Checkout repository	2025-03-16T02:27:55.2298341Z remote: Total 3785 (delta 601), reused 3723 (delta 597), pack-reused 0 (from 0)        
build-and-deploy	Checkout repository	2025-03-16T02:27:55.2323919Z Receiving objects:  99% (3748/3785)
build-and-deploy	Checkout repository	2025-03-16T02:27:55.2324718Z Receiving objects: 100% (3785/3785)
build-and-deploy	Checkout repository	2025-03-16T02:27:55.2325438Z Receiving objects: 100% (3785/3785), 9.32 MiB | 23.11 MiB/s, done.
build-and-deploy	Checkout repository	2025-03-16T02:27:55.2329987Z Resolving deltas:   0% (0/601)
build-and-deploy	Checkout repository	2025-03-16T02:27:55.2332007Z Resolving deltas:   1% (7/601)
build-and-deploy	Checkout repository	2025-03-16T02:27:55.2333211Z Resolving deltas:   2% (13/601)
build-and-deploy	Checkout repository	2025-03-16T02:27:55.2334096Z Resolving deltas:   3% (20/601)
build-and-deploy	Checkout repository	2025-03-16T02:27:55.2336362Z Resolving deltas:   4% (25/601)
build-and-deploy	Checkout repository	2025-03-16T02:27:55.2336990Z Resolving deltas:   5% (31/601)
build-and-deploy	Checkout repository	2025-03-16T02:27:55.2341151Z Resolving deltas:   6% (37/601)
build-and-deploy	Checkout repository	2025-03-16T02:27:55.2343524Z Resolving deltas:   7% (43/601)
build-and-deploy	Checkout repository	2025-03-16T02:27:55.2344083Z Resolving deltas:   8% (49/601)
build-and-deploy	Checkout repository	2025-03-16T02:27:55.2344574Z Resolving deltas:   9% (55/601)
build-and-deploy	Checkout repository	2025-03-16T02:27:55.2345082Z Resolving deltas:  10% (61/601)
build-and-deploy	Checkout repository	2025-03-16T02:27:55.2345601Z Resolving deltas:  11% (67/601)
build-and-deploy	Checkout repository	2025-03-16T02:27:55.2346101Z Resolving deltas:  12% (73/601)
build-and-deploy	Checkout repository	2025-03-16T02:27:55.2346618Z Resolving deltas:  13% (79/601)
build-and-deploy	Checkout repository	2025-03-16T02:27:55.2347164Z Resolving deltas:  14% (85/601)
build-and-deploy	Checkout repository	2025-03-16T02:27:55.2347833Z Resolving deltas:  15% (91/601)
build-and-deploy	Checkout repository	2025-03-16T02:27:55.2348391Z Resolving deltas:  16% (97/601)
build-and-deploy	Checkout repository	2025-03-16T02:27:55.2348966Z Resolving deltas:  17% (103/601)
build-and-deploy	Checkout repository	2025-03-16T02:27:55.2349550Z Resolving deltas:  18% (109/601)
build-and-deploy	Checkout repository	2025-03-16T02:27:55.2350381Z Resolving deltas:  19% (115/601)
build-and-deploy	Checkout repository	2025-03-16T02:27:55.2350947Z Resolving deltas:  20% (121/601)
build-and-deploy	Checkout repository	2025-03-16T02:27:55.2352271Z Resolving deltas:  21% (128/601)
build-and-deploy	Checkout repository	2025-03-16T02:27:55.2353664Z Resolving deltas:  22% (133/601)
build-and-deploy	Checkout repository	2025-03-16T02:27:55.2355482Z Resolving deltas:  23% (139/601)
build-and-deploy	Checkout repository	2025-03-16T02:27:55.2356007Z Resolving deltas:  24% (145/601)
build-and-deploy	Checkout repository	2025-03-16T02:27:55.2356503Z Resolving deltas:  25% (151/601)
build-and-deploy	Checkout repository	2025-03-16T02:27:55.2357000Z Resolving deltas:  26% (157/601)
build-and-deploy	Checkout repository	2025-03-16T02:27:55.2357503Z Resolving deltas:  27% (163/601)
build-and-deploy	Checkout repository	2025-03-16T02:27:55.2358010Z Resolving deltas:  28% (169/601)
build-and-deploy	Checkout repository	2025-03-16T02:27:55.2361583Z Resolving deltas:  29% (175/601)
build-and-deploy	Checkout repository	2025-03-16T02:27:55.2362160Z Resolving deltas:  30% (181/601)
build-and-deploy	Checkout repository	2025-03-16T02:27:55.2364199Z Resolving deltas:  31% (187/601)
build-and-deploy	Checkout repository	2025-03-16T02:27:55.2365067Z Resolving deltas:  32% (194/601)
build-and-deploy	Checkout repository	2025-03-16T02:27:55.2366810Z Resolving deltas:  33% (199/601)
build-and-deploy	Checkout repository	2025-03-16T02:27:55.2368029Z Resolving deltas:  34% (205/601)
build-and-deploy	Checkout repository	2025-03-16T02:27:55.2369447Z Resolving deltas:  35% (211/601)
build-and-deploy	Checkout repository	2025-03-16T02:27:55.2371605Z Resolving deltas:  36% (217/601)
build-and-deploy	Checkout repository	2025-03-16T02:27:55.2374159Z Resolving deltas:  37% (223/601)
build-and-deploy	Checkout repository	2025-03-16T02:27:55.2374747Z Resolving deltas:  38% (229/601)
build-and-deploy	Checkout repository	2025-03-16T02:27:55.2376270Z Resolving deltas:  39% (236/601)
build-and-deploy	Checkout repository	2025-03-16T02:27:55.2378441Z Resolving deltas:  40% (241/601)
build-and-deploy	Checkout repository	2025-03-16T02:27:55.2380808Z Resolving deltas:  41% (247/601)
build-and-deploy	Checkout repository	2025-03-16T02:27:55.2381411Z Resolving deltas:  42% (253/601)
build-and-deploy	Checkout repository	2025-03-16T02:27:55.2384813Z Resolving deltas:  43% (259/601)
build-and-deploy	Checkout repository	2025-03-16T02:27:55.2386128Z Resolving deltas:  44% (265/601)
build-and-deploy	Checkout repository	2025-03-16T02:27:55.2387967Z Resolving deltas:  45% (272/601)
build-and-deploy	Checkout repository	2025-03-16T02:27:55.2390548Z Resolving deltas:  46% (277/601)
build-and-deploy	Checkout repository	2025-03-16T02:27:55.2392850Z Resolving deltas:  47% (283/601)
build-and-deploy	Checkout repository	2025-03-16T02:27:55.2393628Z Resolving deltas:  48% (290/601)
build-and-deploy	Checkout repository	2025-03-16T02:27:55.2394769Z Resolving deltas:  49% (295/601)
build-and-deploy	Checkout repository	2025-03-16T02:27:55.2399392Z Resolving deltas:  50% (301/601)
build-and-deploy	Checkout repository	2025-03-16T02:27:55.2401544Z Resolving deltas:  51% (307/601)
build-and-deploy	Checkout repository	2025-03-16T02:27:55.2402213Z Resolving deltas:  52% (314/601)
build-and-deploy	Checkout repository	2025-03-16T02:27:55.2402994Z Resolving deltas:  53% (319/601)
build-and-deploy	Checkout repository	2025-03-16T02:27:55.2405284Z Resolving deltas:  54% (325/601)
build-and-deploy	Checkout repository	2025-03-16T02:27:55.2410232Z Resolving deltas:  55% (331/601)
build-and-deploy	Checkout repository	2025-03-16T02:27:55.2415803Z Resolving deltas:  56% (337/601)
build-and-deploy	Checkout repository	2025-03-16T02:27:55.2426114Z Resolving deltas:  57% (343/601)
build-and-deploy	Checkout repository	2025-03-16T02:27:55.2427413Z Resolving deltas:  58% (349/601)
build-and-deploy	Checkout repository	2025-03-16T02:27:55.2428059Z Resolving deltas:  59% (355/601)
build-and-deploy	Checkout repository	2025-03-16T02:27:55.2429567Z Resolving deltas:  60% (361/601)
build-and-deploy	Checkout repository	2025-03-16T02:27:55.2431199Z Resolving deltas:  61% (367/601)
build-and-deploy	Checkout repository	2025-03-16T02:27:55.2432049Z Resolving deltas:  62% (373/601)
build-and-deploy	Checkout repository	2025-03-16T02:27:55.2433835Z Resolving deltas:  63% (379/601)
build-and-deploy	Checkout repository	2025-03-16T02:27:55.2434394Z Resolving deltas:  64% (386/601)
build-and-deploy	Checkout repository	2025-03-16T02:27:55.2434980Z Resolving deltas:  65% (391/601)
build-and-deploy	Checkout repository	2025-03-16T02:27:55.2438103Z Resolving deltas:  66% (397/601)
build-and-deploy	Checkout repository	2025-03-16T02:27:55.2439671Z Resolving deltas:  67% (403/601)
build-and-deploy	Checkout repository	2025-03-16T02:27:55.2440596Z Resolving deltas:  68% (409/601)
build-and-deploy	Checkout repository	2025-03-16T02:27:55.2443504Z Resolving deltas:  69% (415/601)
build-and-deploy	Checkout repository	2025-03-16T02:27:55.2446519Z Resolving deltas:  70% (421/601)
build-and-deploy	Checkout repository	2025-03-16T02:27:55.2449590Z Resolving deltas:  71% (427/601)
build-and-deploy	Checkout repository	2025-03-16T02:27:55.2452351Z Resolving deltas:  72% (433/601)
build-and-deploy	Checkout repository	2025-03-16T02:27:55.2454493Z Resolving deltas:  73% (439/601)
build-and-deploy	Checkout repository	2025-03-16T02:27:55.2457831Z Resolving deltas:  74% (446/601)
build-and-deploy	Checkout repository	2025-03-16T02:27:55.2458433Z Resolving deltas:  75% (452/601)
build-and-deploy	Checkout repository	2025-03-16T02:27:55.2460657Z Resolving deltas:  76% (457/601)
build-and-deploy	Checkout repository	2025-03-16T02:27:55.2461289Z Resolving deltas:  77% (463/601)
build-and-deploy	Checkout repository	2025-03-16T02:27:55.2464079Z Resolving deltas:  78% (469/601)
build-and-deploy	Checkout repository	2025-03-16T02:27:55.2465451Z Resolving deltas:  79% (475/601)
build-and-deploy	Checkout repository	2025-03-16T02:27:55.2466054Z Resolving deltas:  80% (481/601)
build-and-deploy	Checkout repository	2025-03-16T02:27:55.2466583Z Resolving deltas:  81% (487/601)
build-and-deploy	Checkout repository	2025-03-16T02:27:55.2471496Z Resolving deltas:  82% (493/601)
build-and-deploy	Checkout repository	2025-03-16T02:27:55.2484117Z Resolving deltas:  83% (499/601)
build-and-deploy	Checkout repository	2025-03-16T02:27:55.2486493Z Resolving deltas:  84% (505/601)
build-and-deploy	Checkout repository	2025-03-16T02:27:55.2487777Z Resolving deltas:  85% (511/601)
build-and-deploy	Checkout repository	2025-03-16T02:27:55.2497364Z Resolving deltas:  86% (517/601)
build-and-deploy	Checkout repository	2025-03-16T02:27:55.2511522Z Resolving deltas:  87% (523/601)
build-and-deploy	Checkout repository	2025-03-16T02:27:55.2518428Z Resolving deltas:  88% (529/601)
build-and-deploy	Checkout repository	2025-03-16T02:27:55.2532433Z Resolving deltas:  89% (535/601)
build-and-deploy	Checkout repository	2025-03-16T02:27:55.2538949Z Resolving deltas:  90% (541/601)
build-and-deploy	Checkout repository	2025-03-16T02:27:55.2543607Z Resolving deltas:  91% (547/601)
build-and-deploy	Checkout repository	2025-03-16T02:27:55.2551237Z Resolving deltas:  92% (553/601)
build-and-deploy	Checkout repository	2025-03-16T02:27:55.2556885Z Resolving deltas:  93% (559/601)
build-and-deploy	Checkout repository	2025-03-16T02:27:55.2563281Z Resolving deltas:  94% (565/601)
build-and-deploy	Checkout repository	2025-03-16T02:27:55.2570202Z Resolving deltas:  95% (571/601)
build-and-deploy	Checkout repository	2025-03-16T02:27:55.2574048Z Resolving deltas:  96% (577/601)
build-and-deploy	Checkout repository	2025-03-16T02:27:55.2575293Z Resolving deltas:  97% (583/601)
build-and-deploy	Checkout repository	2025-03-16T02:27:55.2579072Z Resolving deltas:  98% (589/601)
build-and-deploy	Checkout repository	2025-03-16T02:27:55.2580847Z Resolving deltas:  99% (595/601)
build-and-deploy	Checkout repository	2025-03-16T02:27:55.2581422Z Resolving deltas: 100% (601/601)
build-and-deploy	Checkout repository	2025-03-16T02:27:55.2581858Z Resolving deltas: 100% (601/601), done.
build-and-deploy	Checkout repository	2025-03-16T02:27:55.2958444Z From https://github.com/PremoWeb/chadburn
build-and-deploy	Checkout repository	2025-03-16T02:27:55.2959135Z  * [new ref]         c63034ccb3b214ac1bc19e5b594926a2f1732a60 -> origin/main
build-and-deploy	Checkout repository	2025-03-16T02:27:55.2984490Z ##[endgroup]
build-and-deploy	Checkout repository	2025-03-16T02:27:55.2984988Z ##[group]Determining the checkout info
build-and-deploy	Checkout repository	2025-03-16T02:27:55.2987026Z ##[endgroup]
build-and-deploy	Checkout repository	2025-03-16T02:27:55.2987499Z ##[group]Checking out the ref
build-and-deploy	Checkout repository	2025-03-16T02:27:55.2991236Z [command]/usr/bin/git checkout --progress --force -B main refs/remotes/origin/main
build-and-deploy	Checkout repository	2025-03-16T02:27:55.5741670Z Switched to a new branch 'main'
build-and-deploy	Checkout repository	2025-03-16T02:27:55.5743257Z branch 'main' set up to track 'origin/main'.
build-and-deploy	Checkout repository	2025-03-16T02:27:55.5756855Z ##[endgroup]
build-and-deploy	Checkout repository	2025-03-16T02:27:55.5795185Z [command]/usr/bin/git log -1 --format='%H'
build-and-deploy	Checkout repository	2025-03-16T02:27:55.5817795Z 'c63034ccb3b214ac1bc19e5b594926a2f1732a60'
build-and-deploy	Setup Node.js	﻿2025-03-16T02:27:55.6036475Z ##[group]Run actions/setup-node@v3
build-and-deploy	Setup Node.js	2025-03-16T02:27:55.6036846Z with:
build-and-deploy	Setup Node.js	2025-03-16T02:27:55.6037083Z   node-version: 18
build-and-deploy	Setup Node.js	2025-03-16T02:27:55.6037340Z   always-auth: false
build-and-deploy	Setup Node.js	2025-03-16T02:27:55.6037606Z   check-latest: false
build-and-deploy	Setup Node.js	2025-03-16T02:27:55.6038013Z   token: ***
build-and-deploy	Setup Node.js	2025-03-16T02:27:55.6038503Z ##[endgroup]
build-and-deploy	Setup Node.js	2025-03-16T02:27:55.7862809Z Found in cache @ /opt/hostedtoolcache/node/18.20.7/x64
build-and-deploy	Setup Node.js	2025-03-16T02:27:55.7869453Z ##[group]Environment details
build-and-deploy	Setup Node.js	2025-03-16T02:27:56.1702238Z node: v18.20.7
build-and-deploy	Setup Node.js	2025-03-16T02:27:56.1703672Z npm: 10.8.2
build-and-deploy	Setup Node.js	2025-03-16T02:27:56.1703972Z yarn: 1.22.22
build-and-deploy	Setup Node.js	2025-03-16T02:27:56.1705017Z ##[endgroup]
build-and-deploy	Setup Bun	﻿2025-03-16T02:27:56.1822851Z ##[group]Run oven-sh/setup-bun@v1
build-and-deploy	Setup Bun	2025-03-16T02:27:56.1823260Z with:
build-and-deploy	Setup Bun	2025-03-16T02:27:56.1823535Z   bun-version: latest
build-and-deploy	Setup Bun	2025-03-16T02:27:56.1823827Z   no-cache: false
build-and-deploy	Setup Bun	2025-03-16T02:27:56.1824105Z ##[endgroup]
build-and-deploy	Setup Bun	2025-03-16T02:27:56.2939964Z Downloading a new version of Bun: https://bun.sh/download/latest/linux/x64?avx2=true&profile=false
build-and-deploy	Setup Bun	2025-03-16T02:27:57.0766244Z [command]/usr/bin/unzip -o -q /home/runner/work/_temp/4c22a166-2d67-4270-a144-4de421e1bbc0
build-and-deploy	Setup Bun	2025-03-16T02:27:57.8149814Z [command]/home/runner/.bun/bin/bun --revision
build-and-deploy	Setup Bun	2025-03-16T02:27:57.8187192Z 1.2.5+013fdddc6
build-and-deploy	Install dependencies	﻿2025-03-16T02:27:57.8308670Z ##[group]Run cd docs-svelte && bun install
build-and-deploy	Install dependencies	2025-03-16T02:27:57.8309075Z [36;1mcd docs-svelte && bun install[0m
build-and-deploy	Install dependencies	2025-03-16T02:27:57.8360991Z shell: /usr/bin/bash -e {0}
build-and-deploy	Install dependencies	2025-03-16T02:27:57.8361271Z ##[endgroup]
build-and-deploy	Install dependencies	2025-03-16T02:27:57.8484429Z bun install v1.2.5 (013fdddc)
build-and-deploy	Install dependencies	2025-03-16T02:27:57.8507908Z Resolving dependencies
build-and-deploy	Install dependencies	2025-03-16T02:27:59.8206092Z Resolved, downloaded and extracted [364]
build-and-deploy	Install dependencies	2025-03-16T02:28:00.1682136Z Saved lockfile
build-and-deploy	Install dependencies	2025-03-16T02:28:00.1683648Z 
build-and-deploy	Install dependencies	2025-03-16T02:28:00.1684077Z $ svelte-kit sync || echo ''
build-and-deploy	Install dependencies	2025-03-16T02:28:01.2849775Z 
build-and-deploy	Install dependencies	2025-03-16T02:28:01.2850960Z + @sveltejs/adapter-auto@4.0.0
build-and-deploy	Install dependencies	2025-03-16T02:28:01.2851927Z + @sveltejs/adapter-cloudflare@4.9.0 (v5.1.0 available)
build-and-deploy	Install dependencies	2025-03-16T02:28:01.2852827Z + @sveltejs/adapter-static@3.0.8
build-and-deploy	Install dependencies	2025-03-16T02:28:01.2853355Z + @sveltejs/kit@2.19.1
build-and-deploy	Install dependencies	2025-03-16T02:28:01.2853832Z + @sveltejs/vite-plugin-svelte@5.0.3
build-and-deploy	Install dependencies	2025-03-16T02:28:01.2854334Z + @tailwindcss/vite@4.0.14
build-and-deploy	Install dependencies	2025-03-16T02:28:01.2854743Z + @types/node@22.13.10
build-and-deploy	Install dependencies	2025-03-16T02:28:01.2855077Z + marked@15.0.7
build-and-deploy	Install dependencies	2025-03-16T02:28:01.2855497Z + prettier@3.5.3
build-and-deploy	Install dependencies	2025-03-16T02:28:01.2855913Z + prettier-plugin-svelte@3.3.3
build-and-deploy	Install dependencies	2025-03-16T02:28:01.2856509Z + prettier-plugin-tailwindcss@0.6.11
build-and-deploy	Install dependencies	2025-03-16T02:28:01.2856960Z + shiki@3.2.1
build-and-deploy	Install dependencies	2025-03-16T02:28:01.2857272Z + svelte@5.23.0
build-and-deploy	Install dependencies	2025-03-16T02:28:01.2857616Z + svelte-check@4.1.5
build-and-deploy	Install dependencies	2025-03-16T02:28:01.2858003Z + tailwindcss@4.0.14
build-and-deploy	Install dependencies	2025-03-16T02:28:01.2858410Z + typescript@5.8.2
build-and-deploy	Install dependencies	2025-03-16T02:28:01.2858770Z + vite@6.2.2
build-and-deploy	Install dependencies	2025-03-16T02:28:01.2858972Z 
build-and-deploy	Install dependencies	2025-03-16T02:28:01.2868760Z 184 packages installed [3.44s]
build-and-deploy	Install Cloudflare adapter	﻿2025-03-16T02:28:01.3191393Z ##[group]Run cd docs-svelte && bun add -d @sveltejs/adapter-cloudflare
build-and-deploy	Install Cloudflare adapter	2025-03-16T02:28:01.3192154Z [36;1mcd docs-svelte && bun add -d @sveltejs/adapter-cloudflare[0m
build-and-deploy	Install Cloudflare adapter	2025-03-16T02:28:01.3255247Z shell: /usr/bin/bash -e {0}
build-and-deploy	Install Cloudflare adapter	2025-03-16T02:28:01.3255610Z ##[endgroup]
build-and-deploy	Install Cloudflare adapter	2025-03-16T02:28:01.3376852Z bun add v1.2.5 (013fdddc)
build-and-deploy	Install Cloudflare adapter	2025-03-16T02:28:01.3422972Z Resolving dependencies
build-and-deploy	Install Cloudflare adapter	2025-03-16T02:28:01.4436661Z Resolved, downloaded and extracted [2]
build-and-deploy	Install Cloudflare adapter	2025-03-16T02:28:01.4478337Z Saved lockfile
build-and-deploy	Install Cloudflare adapter	2025-03-16T02:28:01.4478595Z 
build-and-deploy	Install Cloudflare adapter	2025-03-16T02:28:01.4484322Z $ svelte-kit sync || echo ''
build-and-deploy	Install Cloudflare adapter	2025-03-16T02:28:02.5331561Z 
build-and-deploy	Install Cloudflare adapter	2025-03-16T02:28:02.5332299Z installed @sveltejs/adapter-cloudflare@5.1.0
build-and-deploy	Install Cloudflare adapter	2025-03-16T02:28:02.5332836Z 
build-and-deploy	Install Cloudflare adapter	2025-03-16T02:28:02.5333069Z 1 package installed [1197.00ms]
build-and-deploy	Build site	﻿2025-03-16T02:28:02.5391739Z ##[group]Run cd docs-svelte && bun run build
build-and-deploy	Build site	2025-03-16T02:28:02.5392081Z [36;1mcd docs-svelte && bun run build[0m
build-and-deploy	Build site	2025-03-16T02:28:02.5438179Z shell: /usr/bin/bash -e {0}
build-and-deploy	Build site	2025-03-16T02:28:02.5438419Z ##[endgroup]
build-and-deploy	Build site	2025-03-16T02:28:02.5535985Z $ node scripts/copy-version.js
build-and-deploy	Build site	2025-03-16T02:28:02.5868410Z Found version: 1.8.2
build-and-deploy	Build site	2025-03-16T02:28:02.5875717Z Version data written to static/data/version.json
build-and-deploy	Build site	2025-03-16T02:28:02.5876824Z VERSION file copied to static/VERSION
build-and-deploy	Build site	2025-03-16T02:28:02.5910700Z $ vite build
build-and-deploy	Build site	2025-03-16T02:28:04.0497234Z [36mvite v6.2.2 [32mbuilding SSR bundle for production...[36m[39m
build-and-deploy	Build site	2025-03-16T02:28:04.0983104Z transforming...
build-and-deploy	Build site	2025-03-16T02:28:05.0591944Z [32m✓[39m 176 modules transformed.
build-and-deploy	Build site	2025-03-16T02:28:05.1542058Z rendering chunks...
build-and-deploy	Build site	2025-03-16T02:28:05.9078990Z [36mvite v6.2.2 [32mbuilding for production...[36m[39m
build-and-deploy	Build site	2025-03-16T02:28:05.9117912Z transforming...
build-and-deploy	Build site	2025-03-16T02:28:06.7832029Z [32m✓[39m 158 modules transformed.
build-and-deploy	Build site	2025-03-16T02:28:06.8523526Z rendering chunks...
build-and-deploy	Build site	2025-03-16T02:28:06.8847209Z computing gzip size...
build-and-deploy	Build site	2025-03-16T02:28:06.9743572Z [2m.svelte-kit/output/client/[22m[32m_app/version.json                       [39m[1m[2m 0.03 kB[22m[1m[22m[2m │ gzip:  0.05 kB[22m
build-and-deploy	Build site	2025-03-16T02:28:06.9745407Z [2m.svelte-kit/output/client/[22m[32m.vite/manifest.json                     [39m[1m[2m 5.39 kB[22m[1m[22m[2m │ gzip:  0.86 kB[22m
build-and-deploy	Build site	2025-03-16T02:28:06.9747366Z [2m.svelte-kit/output/client/[22m[35m_app/immutable/assets/4.CmAfBVBj.css    [39m[1m[2m 0.19 kB[22m[1m[22m[2m │ gzip:  0.15 kB[22m
build-and-deploy	Build site	2025-03-16T02:28:06.9749297Z [2m.svelte-kit/output/client/[22m[35m_app/immutable/assets/3.BFG4CMZk.css    [39m[1m[2m 0.79 kB[22m[1m[22m[2m │ gzip:  0.36 kB[22m
build-and-deploy	Build site	2025-03-16T02:28:06.9751229Z [2m.svelte-kit/output/client/[22m[35m_app/immutable/assets/2.C_HayOrG.css    [39m[1m[2m 4.72 kB[22m[1m[22m[2m │ gzip:  1.12 kB[22m
build-and-deploy	Build site	2025-03-16T02:28:06.9753335Z [2m.svelte-kit/output/client/[22m[35m_app/immutable/assets/0.8fGR2rR_.css    [39m[1m[2m11.15 kB[22m[1m[22m[2m │ gzip:  3.01 kB[22m
build-and-deploy	Build site	2025-03-16T02:28:06.9755220Z [2m.svelte-kit/output/client/[22m[36m_app/immutable/chunks/Ci4fSNTT.js       [39m[1m[2m 0.04 kB[22m[1m[22m[2m │ gzip:  0.06 kB[22m
build-and-deploy	Build site	2025-03-16T02:28:06.9757090Z [2m.svelte-kit/output/client/[22m[36m_app/immutable/entry/start.B0QheY2Y.js  [39m[1m[2m 0.08 kB[22m[1m[22m[2m │ gzip:  0.09 kB[22m
build-and-deploy	Build site	2025-03-16T02:28:06.9759068Z [2m.svelte-kit/output/client/[22m[36m_app/immutable/chunks/BwqNqYlE.js       [39m[1m[2m 0.17 kB[22m[1m[22m[2m │ gzip:  0.13 kB[22m
build-and-deploy	Build site	2025-03-16T02:28:06.9760857Z [2m.svelte-kit/output/client/[22m[36m_app/immutable/chunks/DU5vpt1R.js       [39m[1m[2m 0.23 kB[22m[1m[22m[2m │ gzip:  0.16 kB[22m
build-and-deploy	Build site	2025-03-16T02:28:06.9762907Z [2m.svelte-kit/output/client/[22m[36m_app/immutable/chunks/Dj4kdlmF.js       [39m[1m[2m 0.51 kB[22m[1m[22m[2m │ gzip:  0.33 kB[22m
build-and-deploy	Build site	2025-03-16T02:28:06.9764762Z [2m.svelte-kit/output/client/[22m[36m_app/immutable/nodes/1.CpPQc_he.js      [39m[1m[2m 0.62 kB[22m[1m[22m[2m │ gzip:  0.38 kB[22m
build-and-deploy	Build site	2025-03-16T02:28:06.9766538Z [2m.svelte-kit/output/client/[22m[36m_app/immutable/chunks/BZehQ7ua.js       [39m[1m[2m 0.68 kB[22m[1m[22m[2m │ gzip:  0.43 kB[22m
build-and-deploy	Build site	2025-03-16T02:28:06.9768441Z [2m.svelte-kit/output/client/[22m[36m_app/immutable/chunks/CPcTy3KG.js       [39m[1m[2m 1.04 kB[22m[1m[22m[2m │ gzip:  0.59 kB[22m
build-and-deploy	Build site	2025-03-16T02:28:06.9770303Z [2m.svelte-kit/output/client/[22m[36m_app/immutable/chunks/I1aYGSGw.js       [39m[1m[2m 1.21 kB[22m[1m[22m[2m │ gzip:  0.73 kB[22m
build-and-deploy	Build site	2025-03-16T02:28:06.9772148Z [2m.svelte-kit/output/client/[22m[36m_app/immutable/chunks/CUOLyuIT.js       [39m[1m[2m 1.52 kB[22m[1m[22m[2m │ gzip:  0.81 kB[22m
build-and-deploy	Build site	2025-03-16T02:28:06.9774254Z [2m.svelte-kit/output/client/[22m[36m_app/immutable/chunks/ncypFVzl.js       [39m[1m[2m 2.50 kB[22m[1m[22m[2m │ gzip:  1.38 kB[22m
build-and-deploy	Build site	2025-03-16T02:28:06.9776126Z [2m.svelte-kit/output/client/[22m[36m_app/immutable/chunks/CddGJQiY.js       [39m[1m[2m 3.17 kB[22m[1m[22m[2m │ gzip:  1.50 kB[22m
build-and-deploy	Build site	2025-03-16T02:28:06.9778260Z [2m.svelte-kit/output/client/[22m[36m_app/immutable/chunks/BWjGUFSD.js       [39m[1m[2m 3.37 kB[22m[1m[22m[2m │ gzip:  1.74 kB[22m
build-and-deploy	Build site	2025-03-16T02:28:06.9780115Z [2m.svelte-kit/output/client/[22m[36m_app/immutable/nodes/4.CqHbGF3R.js      [39m[1m[2m 4.96 kB[22m[1m[22m[2m │ gzip:  1.78 kB[22m
build-and-deploy	Build site	2025-03-16T02:28:06.9781993Z [2m.svelte-kit/output/client/[22m[36m_app/immutable/nodes/0.CFIsns6H.js      [39m[1m[2m 5.70 kB[22m[1m[22m[2m │ gzip:  2.54 kB[22m
build-and-deploy	Build site	2025-03-16T02:28:06.9784012Z [2m.svelte-kit/output/client/[22m[36m_app/immutable/entry/app.2_W0Dnu1.js    [39m[1m[2m 6.62 kB[22m[1m[22m[2m │ gzip:  2.98 kB[22m
build-and-deploy	Build site	2025-03-16T02:28:06.9786182Z [2m.svelte-kit/output/client/[22m[36m_app/immutable/chunks/NmDJM5Y1.js       [39m[1m[2m13.20 kB[22m[1m[22m[2m │ gzip:  5.35 kB[22m
build-and-deploy	Build site	2025-03-16T02:28:06.9788093Z [2m.svelte-kit/output/client/[22m[36m_app/immutable/nodes/2.CrISjEDF.js      [39m[1m[2m13.24 kB[22m[1m[22m[2m │ gzip:  4.81 kB[22m
build-and-deploy	Build site	2025-03-16T02:28:06.9789964Z [2m.svelte-kit/output/client/[22m[36m_app/immutable/chunks/D_lsEMGj.js       [39m[1m[2m31.84 kB[22m[1m[22m[2m │ gzip: 12.39 kB[22m
build-and-deploy	Build site	2025-03-16T02:28:06.9791782Z [2m.svelte-kit/output/client/[22m[36m_app/immutable/nodes/3.DX2R4P18.js      [39m[1m[2m42.78 kB[22m[1m[22m[2m │ gzip: 13.69 kB[22m
build-and-deploy	Build site	2025-03-16T02:28:06.9793095Z [32m✓ built in 1.07s[39m
build-and-deploy	Build site	2025-03-16T02:28:07.9319305Z [2m.svelte-kit/output/server/[22m[32m.vite/manifest.json                          [39m[1m[2m  3.34 kB[22m[1m[22m
build-and-deploy	Build site	2025-03-16T02:28:07.9321097Z [2m.svelte-kit/output/server/[22m[35m_app/immutable/assets/_page.CmAfBVBj.css     [39m[1m[2m  0.19 kB[22m[1m[22m
build-and-deploy	Build site	2025-03-16T02:28:07.9322862Z [2m.svelte-kit/output/server/[22m[35m_app/immutable/assets/_page.BFG4CMZk.css     [39m[1m[2m  0.79 kB[22m[1m[22m
build-and-deploy	Build site	2025-03-16T02:28:07.9324448Z [2m.svelte-kit/output/server/[22m[35m_app/immutable/assets/_page.C_HayOrG.css     [39m[1m[2m  4.72 kB[22m[1m[22m
build-and-deploy	Build site	2025-03-16T02:28:07.9325614Z [2m.svelte-kit/output/server/[22m[35m_app/immutable/assets/_layout.CiscG70T.css   [39m[1m[2m 11.04 kB[22m[1m[22m
build-and-deploy	Build site	2025-03-16T02:28:07.9326496Z [2m.svelte-kit/output/server/[22m[36mentries/pages/_layout.js                     [39m[1m[2m  0.10 kB[22m[1m[22m
build-and-deploy	Build site	2025-03-16T02:28:07.9327324Z [2m.svelte-kit/output/server/[22m[36mchunks/paths.js                              [39m[1m[2m  0.32 kB[22m[1m[22m
build-and-deploy	Build site	2025-03-16T02:28:07.9328095Z [2m.svelte-kit/output/server/[22m[36minternal.js                                  [39m[1m[2m  0.34 kB[22m[1m[22m
build-and-deploy	Build site	2025-03-16T02:28:07.9328877Z [2m.svelte-kit/output/server/[22m[36mentries/pages/_slug_/_page.js                [39m[1m[2m  0.46 kB[22m[1m[22m
build-and-deploy	Build site	2025-03-16T02:28:07.9329701Z [2m.svelte-kit/output/server/[22m[36mchunks/stores.js                             [39m[1m[2m  0.55 kB[22m[1m[22m
build-and-deploy	Build site	2025-03-16T02:28:07.9330529Z [2m.svelte-kit/output/server/[22m[36mentries/fallbacks/error.svelte.js            [39m[1m[2m  0.61 kB[22m[1m[22m
build-and-deploy	Build site	2025-03-16T02:28:07.9331348Z [2m.svelte-kit/output/server/[22m[36mchunks/client.js                             [39m[1m[2m  0.95 kB[22m[1m[22m
build-and-deploy	Build site	2025-03-16T02:28:07.9332165Z [2m.svelte-kit/output/server/[22m[36mentries/pages/_slug_/_page.svelte.js         [39m[1m[2m  1.48 kB[22m[1m[22m
build-and-deploy	Build site	2025-03-16T02:28:07.9333268Z [2m.svelte-kit/output/server/[22m[36mentries/pages/metrics-setup/_page.svelte.js  [39m[1m[2m  4.84 kB[22m[1m[22m
build-and-deploy	Build site	2025-03-16T02:28:07.9334159Z [2m.svelte-kit/output/server/[22m[36mentries/pages/_layout.svelte.js              [39m[1m[2m  6.55 kB[22m[1m[22m
build-and-deploy	Build site	2025-03-16T02:28:07.9334991Z [2m.svelte-kit/output/server/[22m[36mchunks/exports.js                            [39m[1m[2m  6.88 kB[22m[1m[22m
build-and-deploy	Build site	2025-03-16T02:28:07.9335805Z [2m.svelte-kit/output/server/[22m[36mentries/pages/_page.svelte.js                [39m[1m[2m 13.67 kB[22m[1m[22m
build-and-deploy	Build site	2025-03-16T02:28:07.9336617Z [2m.svelte-kit/output/server/[22m[36mchunks/internal.js                           [39m[1m[2m 15.98 kB[22m[1m[22m
build-and-deploy	Build site	2025-03-16T02:28:07.9337649Z [2m.svelte-kit/output/server/[22m[36mchunks/index.js                              [39m[1m[2m 34.39 kB[22m[1m[22m
build-and-deploy	Build site	2025-03-16T02:28:07.9338388Z [2m.svelte-kit/output/server/[22m[36mindex.js                                     [39m[1m[2m102.91 kB[22m[1m[22m
build-and-deploy	Build site	2025-03-16T02:28:07.9338880Z [32m✓ built in 3.85s[39m
build-and-deploy	Build site	2025-03-16T02:28:07.9339027Z 
build-and-deploy	Build site	2025-03-16T02:28:07.9339245Z Run npm run preview to preview your production build locally.
build-and-deploy	Build site	2025-03-16T02:28:07.9470928Z 
build-and-deploy	Build site	2025-03-16T02:28:07.9471244Z > Using @sveltejs/adapter-cloudflare
build-and-deploy	Build site	2025-03-16T02:28:07.9576921Z   ✔ done
build-and-deploy	List output directories	﻿2025-03-16T02:28:08.0184594Z ##[group]Run find docs-svelte/.svelte-kit -type d | sort
build-and-deploy	List output directories	2025-03-16T02:28:08.0185024Z [36;1mfind docs-svelte/.svelte-kit -type d | sort[0m
build-and-deploy	List output directories	2025-03-16T02:28:08.0231397Z shell: /usr/bin/bash -e {0}
build-and-deploy	List output directories	2025-03-16T02:28:08.0231652Z ##[endgroup]
build-and-deploy	List output directories	2025-03-16T02:28:08.0320926Z docs-svelte/.svelte-kit
build-and-deploy	List output directories	2025-03-16T02:28:08.0321440Z docs-svelte/.svelte-kit/cloudflare
build-and-deploy	List output directories	2025-03-16T02:28:08.0321979Z docs-svelte/.svelte-kit/cloudflare-tmp
build-and-deploy	List output directories	2025-03-16T02:28:08.0322347Z docs-svelte/.svelte-kit/cloudflare/_app
build-and-deploy	List output directories	2025-03-16T02:28:08.0323088Z docs-svelte/.svelte-kit/cloudflare/_app/immutable
build-and-deploy	List output directories	2025-03-16T02:28:08.0323800Z docs-svelte/.svelte-kit/cloudflare/_app/immutable/assets
build-and-deploy	List output directories	2025-03-16T02:28:08.0324510Z docs-svelte/.svelte-kit/cloudflare/_app/immutable/chunks
build-and-deploy	List output directories	2025-03-16T02:28:08.0325220Z docs-svelte/.svelte-kit/cloudflare/_app/immutable/entry
build-and-deploy	List output directories	2025-03-16T02:28:08.0326141Z docs-svelte/.svelte-kit/cloudflare/_app/immutable/nodes
build-and-deploy	List output directories	2025-03-16T02:28:08.0326670Z docs-svelte/.svelte-kit/cloudflare/data
build-and-deploy	List output directories	2025-03-16T02:28:08.0327020Z docs-svelte/.svelte-kit/cloudflare/images
build-and-deploy	List output directories	2025-03-16T02:28:08.0327495Z docs-svelte/.svelte-kit/cloudflare/markdown
build-and-deploy	List output directories	2025-03-16T02:28:08.0327808Z docs-svelte/.svelte-kit/generated
build-and-deploy	List output directories	2025-03-16T02:28:08.0328205Z docs-svelte/.svelte-kit/generated/client
build-and-deploy	List output directories	2025-03-16T02:28:08.0328559Z docs-svelte/.svelte-kit/generated/client-optimized
build-and-deploy	List output directories	2025-03-16T02:28:08.0329059Z docs-svelte/.svelte-kit/generated/client-optimized/nodes
build-and-deploy	List output directories	2025-03-16T02:28:08.0329428Z docs-svelte/.svelte-kit/generated/client/nodes
build-and-deploy	List output directories	2025-03-16T02:28:08.0329845Z docs-svelte/.svelte-kit/generated/server
build-and-deploy	List output directories	2025-03-16T02:28:08.0330143Z docs-svelte/.svelte-kit/output
build-and-deploy	List output directories	2025-03-16T02:28:08.0330484Z docs-svelte/.svelte-kit/output/client
build-and-deploy	List output directories	2025-03-16T02:28:08.0330836Z docs-svelte/.svelte-kit/output/client/.vite
build-and-deploy	List output directories	2025-03-16T02:28:08.0331177Z docs-svelte/.svelte-kit/output/client/_app
build-and-deploy	List output directories	2025-03-16T02:28:08.0331622Z docs-svelte/.svelte-kit/output/client/_app/immutable
build-and-deploy	List output directories	2025-03-16T02:28:08.0332095Z docs-svelte/.svelte-kit/output/client/_app/immutable/assets
build-and-deploy	List output directories	2025-03-16T02:28:08.0332796Z docs-svelte/.svelte-kit/output/client/_app/immutable/chunks
build-and-deploy	List output directories	2025-03-16T02:28:08.0333256Z docs-svelte/.svelte-kit/output/client/_app/immutable/entry
build-and-deploy	List output directories	2025-03-16T02:28:08.0333772Z docs-svelte/.svelte-kit/output/client/_app/immutable/nodes
build-and-deploy	List output directories	2025-03-16T02:28:08.0334144Z docs-svelte/.svelte-kit/output/client/data
build-and-deploy	List output directories	2025-03-16T02:28:08.0334566Z docs-svelte/.svelte-kit/output/client/images
build-and-deploy	List output directories	2025-03-16T02:28:08.0334899Z docs-svelte/.svelte-kit/output/client/markdown
build-and-deploy	List output directories	2025-03-16T02:28:08.0335315Z docs-svelte/.svelte-kit/output/prerendered
build-and-deploy	List output directories	2025-03-16T02:28:08.0335650Z docs-svelte/.svelte-kit/output/prerendered/pages
build-and-deploy	List output directories	2025-03-16T02:28:08.0336080Z docs-svelte/.svelte-kit/output/server
build-and-deploy	List output directories	2025-03-16T02:28:08.0336389Z docs-svelte/.svelte-kit/output/server/.vite
build-and-deploy	List output directories	2025-03-16T02:28:08.0336800Z docs-svelte/.svelte-kit/output/server/_app
build-and-deploy	List output directories	2025-03-16T02:28:08.0337142Z docs-svelte/.svelte-kit/output/server/_app/immutable
build-and-deploy	List output directories	2025-03-16T02:28:08.0337640Z docs-svelte/.svelte-kit/output/server/_app/immutable/assets
build-and-deploy	List output directories	2025-03-16T02:28:08.0338020Z docs-svelte/.svelte-kit/output/server/chunks
build-and-deploy	List output directories	2025-03-16T02:28:08.0338446Z docs-svelte/.svelte-kit/output/server/entries
build-and-deploy	List output directories	2025-03-16T02:28:08.0338806Z docs-svelte/.svelte-kit/output/server/entries/fallbacks
build-and-deploy	List output directories	2025-03-16T02:28:08.0339283Z docs-svelte/.svelte-kit/output/server/entries/pages
build-and-deploy	List output directories	2025-03-16T02:28:08.0339685Z docs-svelte/.svelte-kit/output/server/entries/pages/_slug_
build-and-deploy	List output directories	2025-03-16T02:28:08.0340240Z docs-svelte/.svelte-kit/output/server/entries/pages/metrics-setup
build-and-deploy	List output directories	2025-03-16T02:28:08.0340718Z docs-svelte/.svelte-kit/output/server/nodes
build-and-deploy	List output directories	2025-03-16T02:28:08.0341087Z docs-svelte/.svelte-kit/output/server/stylesheets
build-and-deploy	List output directories	2025-03-16T02:28:08.0341433Z docs-svelte/.svelte-kit/types
build-and-deploy	List output directories	2025-03-16T02:28:08.0341759Z docs-svelte/.svelte-kit/types/src
build-and-deploy	List output directories	2025-03-16T02:28:08.0342054Z docs-svelte/.svelte-kit/types/src/routes
build-and-deploy	List output directories	2025-03-16T02:28:08.0342647Z docs-svelte/.svelte-kit/types/src/routes/[slug]
build-and-deploy	List output directories	2025-03-16T02:28:08.0343066Z docs-svelte/.svelte-kit/types/src/routes/metrics-setup
build-and-deploy	Publish to Cloudflare Pages	﻿2025-03-16T02:28:08.0384086Z ##[group]Run cloudflare/pages-action@v1
build-and-deploy	Publish to Cloudflare Pages	2025-03-16T02:28:08.0384528Z with:
build-and-deploy	Publish to Cloudflare Pages	2025-03-16T02:28:08.0384933Z   apiToken: ***
build-and-deploy	Publish to Cloudflare Pages	2025-03-16T02:28:08.0385151Z   accountId: ***
build-and-deploy	Publish to Cloudflare Pages	2025-03-16T02:28:08.0385346Z   projectName: chadburn-docs
build-and-deploy	Publish to Cloudflare Pages	2025-03-16T02:28:08.0385601Z   directory: docs-svelte/.svelte-kit/cloudflare
build-and-deploy	Publish to Cloudflare Pages	2025-03-16T02:28:08.0385982Z   gitHubToken: ***
build-and-deploy	Publish to Cloudflare Pages	2025-03-16T02:28:08.0386177Z   wranglerVersion: 4
build-and-deploy	Publish to Cloudflare Pages	2025-03-16T02:28:08.0386371Z ##[endgroup]
build-and-deploy	Publish to Cloudflare Pages	2025-03-16T02:28:10.4346437Z npm warn exec The following package was not found and will be installed: wrangler@4.0.0
build-and-deploy	Publish to Cloudflare Pages	2025-03-16T02:28:17.9742191Z [33m▲ [43;33m[[43;30mWARNING[43;33m][0m [1m`wrangler pages publish` is deprecated and will be removed in the next major version.[0m
build-and-deploy	Publish to Cloudflare Pages	2025-03-16T02:28:17.9743197Z 
build-and-deploy	Publish to Cloudflare Pages	2025-03-16T02:28:17.9743678Z   Please use `wrangler pages deploy` instead, which accepts exactly the same arguments.
build-and-deploy	Publish to Cloudflare Pages	2025-03-16T02:28:17.9744133Z 
build-and-deploy	Publish to Cloudflare Pages	2025-03-16T02:28:17.9744140Z 
build-and-deploy	Publish to Cloudflare Pages	2025-03-16T02:28:18.6095000Z [33m▲ [43;33m[[43;30mWARNING[43;33m][0m [1mWarning: Your working directory is a git repo and has uncommitted changes[0m
build-and-deploy	Publish to Cloudflare Pages	2025-03-16T02:28:18.6095577Z 
build-and-deploy	Publish to Cloudflare Pages	2025-03-16T02:28:18.6095867Z   To silence this warning, pass in --commit-dirty=true
build-and-deploy	Publish to Cloudflare Pages	2025-03-16T02:28:18.6096131Z 
build-and-deploy	Publish to Cloudflare Pages	2025-03-16T02:28:18.6096138Z 
build-and-deploy	Publish to Cloudflare Pages	2025-03-16T02:28:19.6699402Z Uploading... (40/63)
build-and-deploy	Publish to Cloudflare Pages	2025-03-16T02:28:20.3142687Z Uploading... (48/63)
build-and-deploy	Publish to Cloudflare Pages	2025-03-16T02:28:20.3911236Z Uploading... (56/63)
build-and-deploy	Publish to Cloudflare Pages	2025-03-16T02:28:20.4095469Z Uploading... (63/63)
build-and-deploy	Publish to Cloudflare Pages	2025-03-16T02:28:20.4097841Z ✨ Success! Uploaded 23 files (40 already uploaded) (1.20 sec)
build-and-deploy	Publish to Cloudflare Pages	2025-03-16T02:28:20.4098333Z 
build-and-deploy	Publish to Cloudflare Pages	2025-03-16T02:28:20.8403037Z ✨ Uploading _headers
build-and-deploy	Publish to Cloudflare Pages	2025-03-16T02:28:20.8786878Z ✨ Compiled Worker successfully
build-and-deploy	Publish to Cloudflare Pages	2025-03-16T02:28:20.8830113Z ✨ Uploading Worker bundle
build-and-deploy	Publish to Cloudflare Pages	2025-03-16T02:28:20.8836524Z ✨ Uploading _routes.json
build-and-deploy	Publish to Cloudflare Pages	2025-03-16T02:28:21.9331254Z 🌎 Deploying...
build-and-deploy	Publish to Cloudflare Pages	2025-03-16T02:28:25.5251037Z ✨ Deployment complete! Take a peek over at https://b6d67b3e.chadburn-docs.pages.dev
build-and-deploy	Publish to Cloudflare Pages	2025-03-16T02:28:25.6035017Z npm notice
build-and-deploy	Publish to Cloudflare Pages	2025-03-16T02:28:25.6035713Z npm notice New major version of npm available! 10.8.2 -> 11.2.0
build-and-deploy	Publish to Cloudflare Pages	2025-03-16T02:28:25.6036614Z npm notice Changelog: https://github.com/npm/cli/releases/tag/v11.2.0
build-and-deploy	Publish to Cloudflare Pages	2025-03-16T02:28:25.6037352Z npm notice To update run: npm install -g npm@11.2.0
build-and-deploy	Publish to Cloudflare Pages	2025-03-16T02:28:25.6037801Z npm notice
build-and-deploy	Post Setup Bun	﻿2025-03-16T02:28:26.1142111Z Post job cleanup.
build-and-deploy	Post Setup Node.js	﻿2025-03-16T02:28:26.2305465Z Post job cleanup.
build-and-deploy	Post Checkout repository	﻿2025-03-16T02:28:26.3812872Z Post job cleanup.
build-and-deploy	Post Checkout repository	2025-03-16T02:28:26.4520911Z [command]/usr/bin/git version
build-and-deploy	Post Checkout repository	2025-03-16T02:28:26.4556269Z git version 2.48.1
build-and-deploy	Post Checkout repository	2025-03-16T02:28:26.4600167Z Temporarily overriding HOME='/home/runner/work/_temp/b4434f22-264d-4275-b9ce-483d9bce04c3' before making global git config changes
build-and-deploy	Post Checkout repository	2025-03-16T02:28:26.4601611Z Adding repository directory to the temporary git global config as a safe directory
build-and-deploy	Post Checkout repository	2025-03-16T02:28:26.4605079Z [command]/usr/bin/git config --global --add safe.directory /home/runner/work/chadburn/chadburn
build-and-deploy	Post Checkout repository	2025-03-16T02:28:26.4636651Z [command]/usr/bin/git config --local --name-only --get-regexp core\.sshCommand
build-and-deploy	Post Checkout repository	2025-03-16T02:28:26.4667788Z [command]/usr/bin/git submodule foreach --recursive sh -c "git config --local --name-only --get-regexp 'core\.sshCommand' && git config --local --unset-all 'core.sshCommand' || :"
build-and-deploy	Post Checkout repository	2025-03-16T02:28:26.4904138Z [command]/usr/bin/git config --local --name-only --get-regexp http\.https\:\/\/github\.com\/\.extraheader
build-and-deploy	Post Checkout repository	2025-03-16T02:28:26.4923433Z http.https://github.com/.extraheader
build-and-deploy	Post Checkout repository	2025-03-16T02:28:26.4934654Z [command]/usr/bin/git config --local --unset-all http.https://github.com/.extraheader
build-and-deploy	Post Checkout repository	2025-03-16T02:28:26.4962665Z [command]/usr/bin/git submodule foreach --recursive sh -c "git config --local --name-only --get-regexp 'http\.https\:\/\/github\.com\/\.extraheader' && git config --local --unset-all 'http.https://github.com/.extraheader' || :"
build-and-deploy	Complete job	﻿2025-03-16T02:28:26.5305189Z Cleaning up orphan processes
build-and-deploy	Complete job	2025-03-16T02:28:26.5598254Z Terminate orphan process: pid (2035) (workerd)
